********** miniJava Compiler (PA2) **********
Syntactic Analysis ... 
Syntactic Analysis OK
======= AST Display =========================
Package
  ClassDeclList [1]
  . ClassDecl
  .   "Test" classname
  .   FieldDeclList [0]
  .   MethodDeclList [1]
  .   . (public) MethodDecl
  .   .   VOID BaseType
  .   .   "p" methodname
  .   .   ParameterDeclList [1]
  .   .   . ParameterDecl
  .   .   .   INT BaseType
  .   .   .   "a"parametername 
  .   .   StmtList [2]
  .   .   . VarDeclStmt
  .   .   .   VarDecl
  .   .   .     ClassType
  .   .   .       "C" Identifier
  .   .   .     "c" varname
  .   .   .   NewObjectExpr
  .   .   .     ClassType
  .   .   .       "C" Identifier
  .   .   . CallStmt
  .   .   .   QualRef
  .   .   .     "p" Identifier
  .   .   .     IdRef
  .   .   .       "c" Identifier
  .   .   .   ExprList [2]
  .   .   .   . LiteralExpr
  .   .   .   .   "2" IntLiteral
  .   .   .   . LiteralExpr
  .   .   .   .   "3" IntLiteral
=============================================
