********** miniJava Compiler (PA2) **********
Syntactic Analysis ... 
Syntactic Analysis OK
======= AST Display =========================
Package
  ClassDeclList [1]
  . ClassDecl
  .   "Test" classname
  .   FieldDeclList [0]
  .   MethodDeclList [1]
  .   . (public) MethodDecl
  .   .   VOID BaseType
  .   .   "p" methodname
  .   .   ParameterDeclList [0]
  .   .   StmtList [1]
  .   .   . VarDeclStmt
  .   .   .   VarDecl
  .   .   .     ArrayType
  .   .   .       ClassType
  .   .   .         "Foo" Identifier
  .   .   .     "foo" varname
  .   .   .   NewArrayExpr
  .   .   .     ClassType
  .   .   .       "Foo" Identifier
  .   .   .     LiteralExpr
  .   .   .       "10" IntLiteral
=============================================
