********** miniJava Compiler (PA2) **********
Syntactic Analysis ... 
Syntactic Analysis OK
======= AST Display =========================
Package
  ClassDeclList [1]
  . ClassDecl
  .   "A" classname
  .   FieldDeclList [0]
  .   MethodDeclList [1]
  .   . (public) MethodDecl
  .   .   VOID BaseType
  .   .   "p" methodname
  .   .   ParameterDeclList [0]
  .   .   StmtList [1]
  .   .   . VarDeclStmt
  .   .   .   VarDecl
  .   .   .     ClassType
  .   .   .       "A" Identifier
  .   .   .     "x" varname
  .   .   .   CallExpr
  .   .   .     QualRef
  .   .   .       "p" Identifier
  .   .   .       ThisRef
  .   .   .     ExprList + [0]
=============================================
