********** miniJava Compiler (PA2) **********
Syntactic Analysis ... 
Syntactic Analysis OK
======= AST Display =========================
Package
  ClassDeclList [2]
  . ClassDecl
  .   "MainClass" classname
  .   FieldDeclList [0]
  .   MethodDeclList [1]
  .   . (public static) MethodDecl
  .   .   VOID BaseType
  .   .   "main" methodname
  .   .   ParameterDeclList [1]
  .   .   . ParameterDecl
  .   .   .   ArrayType
  .   .   .     ClassType
  .   .   .       "String" Identifier
  .   .   .   "args"parametername 
  .   .   StmtList [0]
  . ClassDecl
  .   "OfItsOwn" classname
  .   FieldDeclList [1]
  .   . (public) FieldDecl
  .   .   INT BaseType
  .   .   "A_01" fieldname
  .   MethodDeclList [0]
=============================================
