********** miniJava Compiler (PA2) **********
Syntactic Analysis ... 
Syntactic Analysis OK
======= AST Display =========================
Package
  ClassDeclList [1]
  . ClassDecl
  .   "Test" classname
  .   FieldDeclList [2]
  .   . (public) FieldDecl
  .   .   ArrayType
  .   .     INT BaseType
  .   .   "a" fieldname
  .   . (public) FieldDecl
  .   .   ArrayType
  .   .     ClassType
  .   .       "Test" Identifier
  .   .   "t" fieldname
  .   MethodDeclList [1]
  .   . (public) MethodDecl
  .   .   INT BaseType
  .   .   "p" methodname
  .   .   ParameterDeclList [0]
  .   .   StmtList [1]
  .   .   . AssignStmt
  .   .   .   IxRef
  .   .   .     IdRef
  .   .   .       "t" Identifier
  .   .   .     RefExpr
  .   .   .       IdRef
  .   .   .         "e" Identifier
  .   .   .   BinaryExpr
  .   .   .     "+" Operator
  .   .   .       RefExpr
  .   .   .         ThisRef
  .   .   .       LiteralExpr
  .   .   .         "1" IntLiteral
=============================================
