********** miniJava Compiler (PA2) **********
Syntactic Analysis ... 
Syntactic Analysis OK
======= AST Display =========================
Package
  ClassDeclList [1]
  . ClassDecl
  .   "A" classname
  .   FieldDeclList [0]
  .   MethodDeclList [1]
  .   . (public) MethodDecl
  .   .   VOID BaseType
  .   .   "p" methodname
  .   .   ParameterDeclList [0]
  .   .   StmtList [1]
  .   .   . CallStmt
  .   .   .   QualRef
  .   .   .     "y" Identifier
  .   .   .     IdRef
  .   .   .       "x" Identifier
  .   .   .   ExprList [1]
  .   .   .   . LiteralExpr
  .   .   .   .   "3" IntLiteral
=============================================
