********** miniJava Compiler (PA2) **********
Syntactic Analysis ... 
Syntactic Analysis OK
======= AST Display =========================
Package
  ClassDeclList [1]
  . ClassDecl
  .   "id" classname
  .   FieldDeclList [0]
  .   MethodDeclList [1]
  .   . (public) MethodDecl
  .   .   VOID BaseType
  .   .   "p" methodname
  .   .   ParameterDeclList [0]
  .   .   StmtList [1]
  .   .   . VarDeclStmt
  .   .   .   VarDecl
  .   .   .     BOOLEAN BaseType
  .   .   .     "x" varname
  .   .   .   BinaryExpr
  .   .   .     ">" Operator
  .   .   .       LiteralExpr
  .   .   .         "10" IntLiteral
  .   .   .       UnaryExpr
  .   .   .         "-" Operator
  .   .   .           RefExpr
  .   .   .             IdRef
  .   .   .               "b" Identifier
=============================================
